[   .0000]niiazig cgupsubss uset
[  0.000] Iniaizincgoup bss cp
[   0.000] Itilizig roupsubs cpuct
[   .000000] Linux version 4.4.0-109-generic (buildd@lgw01-amd64-038) (gcc vrsn 5.0 01609 Ubunu 4.0-butu1~.0.5) #12-UbtuSMP e an 99:2:39UT2018Ubntu 4.-10913generi4..98)
[   0.000] Cmad lie:BOOTIMGE=/bo/vlinu4..0-1-gneri rt=LAL=loudmgootfroconslety1 nsle=tS0
[  00000] ERNE suportecpus:    00000] Itel enneInl
[   .000000  MD AheticAD[   .00000  entaurenaurHul
[   .00000x8/fpuxsate_ffse[2  76,stte_sze2]: 56
[  00000] 86/f: uppotig XSVEfeatrex01:x8 floin poi rgists'
[  .00000x8/fpuSuportg XSAVfeture 0x: SSEegster
    00000] x/fu:uporti XAVE atre 04: 'AVX egsters'
[    0.000000] x86/fpu: Enabled xstate features 0x7, context size is 832 bytes, using 'standard' format.
[    0.000000] x86/fpu: Using 'lazy' FPU context switches.
[    0.000000] e820: BIOS-provided physical RAM map:
[    0.000000] BIOS-e820: [mem 0x0000000000000000-0x000000000009fbff] usable
[    0.000000] BIOS-e820: [mem 0x000000000009fc00-0x000000000009ffff] reserved
[    0.000000] BIOS-e820: [mem 0x00000000000f0000-0x00000000000fffff] reserved
[    0.000000] BIOS-e820: [mem 0x0000000000100000-0x00000000dffeffff] usable
[    0.000000] BIOS-e8: [m 0000000fff00-x00000dfffff]ACPI ta
[   .00000 BIOe820[mm 0x00000fec00-0x00000fe0ff] rered
  0.0000 BIOe80: [m 0x000000fee0000x00000feeff] reerd
[   000000] OSe820 [mem 0000000fc000-000000ffffff rerve
[   0.000] BS-820:me 0x0000100000-0x000011ffffff uble    00000]NXExecteDisable ptectn:actie[   .00000SMIOS 5 rese.
[  .00000Hypeisr dectd: K
    00000]820: lstpfn = x1000 ax_ach_p =0x400000
  0.0000 MRR: saled    0.000] x/PT: MRsdisaed skiin PAT itilizaontoo.[   .00000CP MTR al lank - vrtlized ysem.    00000]86PA: nfigaton[0]:WBWT UC-C WB  T C- U 
[  .0000]e820lat_pf =xdff0 x_rch_n  0x400000
[   0.00000]oundMPMP-tleat [m x000ff-0x09fff] ppd at[ff88000fff0
[   0.000]caning1 eas folo memy orruio
[    00000 RAMISK:[m 0x36ac000-03765ff]
[  0.0000 ACP: rly bl chesu verfitionisbled[   0.0000 AI: RP x00000000E000 00024 02VBOX  )
[  0.0000]ACPI XDT 00000000DFF00 0003(v01BO   VXXDT 00001 A  00001)
[  000000]AC: FA 000000DF00F000F4 v0 VBOX   VBFAP 00000 ASL000006
    00000]ACI: DDT0x00000000DFF70 01F (v0VBX   OXIOS 0000 IL 201028
[   0000] CPI:AC 0x00000DFF00 00004
[    00000] PI FAC0x0000DFF02000040[   0.00000] ACPI AC 0x00000DF040 005 (v0VBX   BOPIC 00001 AS 00000)
[  0.0000] ACP: SS 0000000FFF00 001C(v1 VB  VBOXPU000002INTL0100528)
[  0.000000] No NUMA configuration found
[    0.000] Fanga nodet [m 000000000000-x000001fffff]
[    0.0000 NODDAA(0)llcate [m 0x1f7000x1fffbf]
[  00000] vm-cck Usi msrs 464d01 d b5640
[  .0000]kv-cck: cp 0, sr 1fff001,riary u lock
[  0.000] kv-cck: in schd fsetf 939018 cle
[   .00000] ocksouce kvm-clock:as: 0xffffffffff m_cyces0xcd424db, m_ile_n 81599183 n
[  0.000] Zo rnges
   0.000]   MA    em0x0000000000-0x0000000fffff]
[    00000]  D32    em0x000000010000-x00000ffffff
[   0000]  Norl  [emx000000000000x000011ffff]
[  .0000]  Dece  emty
[  0.00000Movale on sta fr eah de
  0.0000 Erlmeory derangs[   .00000  ode 0:[mem0x00000001000x00000009ef]
[   .00000]  nod   0:[mem0x00000000000x00000dfeff]
[   0.0000  ode 0:[mem0x00000000000x000011fffff]
[  .0000]nitm stup ode  [me0x000000000001000-0x00000011ffffff
[   0.0000ACI: P-Ter IPot: 000
[  0000000IOPIC[: p_i 2, eron 3 adres0xec0000GSI 23
[  0.0000]CPI: IT_C_OV (s 0 busrq 0glbal_q  dflfl
[   .00000ACI: I_SC_OVR bu0 buir 9 gob_irq9 w evel
   0.000] Usg CPI ADgutin inoration[   .00000smbootAlowin2 PUs,0 tpluCPs
[  0000000PM Regteed nav memy:[memx000000-00000ff
[  00000] M: Riseredosve mmoy: [em0x00f00-0x09fff][   0.0000 P Regsted nav memry[memx00a00000x00efff
[   0.000] P Rgistrenosa mory:me0x000000-0x00ffff]
    0000000 P: Registrenosa mory:me 0xdf000-0ffffff
[   0000] P: Reisteedosave emy:[m 0e000000xfefff]
  0.0000 P: Restred sae mery [me0xfec000-0xfecff]
[  00000] M: Riseredose mery: mem fe01000-feffff
    .0000]M:egisre nosveemory:me 0xf0000-0ee0fff
[   00000] M:Regieredosve mor: [m 0fee0000xffbfff
[   0.0000PM Regteed nsa memy:[memxffc00-0fffff
   0.000] e80:me 0xe0000-0xfffff] ailalefor I evics[   .00000 Bootng pavrtuaiz kerneonKVM    0000] losorce:efned-ffes: sk 0xfffff m_ccles: ffffff mx_ide_: 76551960021158 ns[    0.00000] etp_percu:R_CPS:2 nrcpask_ts512 _cu_id2 r_no_is:1[   0.000] PRC: Emddd 34pas/cp@fff881f0000s9544 19 d3152 u104876
[    000000]V splok hah ble tres: 6 orde:  409byes)    00000]But 1 neistsn ode de, moliy grpig on  otal pes 103205
[   0.00000] Poliy zone: Normal
[    0.000000] Kernel command line:BOOT_IMGEbootmlnuz-4.-109enric otLABEcludimrotfs  cnsol=t1 cool=tty
    00000]IDhashabe enie: 406 (der: 33268 bte
[   0.0000 Memy:40322K41938Kavaibl (845Kernecoe, 18Krwda, 988Kodta, 50 ini 116K s,161596reseed, K cm-rered)    00000]LU: HWlin=64 Ode=0-3MiObjes= CPU=2Node=1
[  0.0000 Krnelse pag tles oltionenbled
[   .00000] ierarchicl U imemtati.
[  .0000]	Buid-me ajutment f eaf not to4.
[  00000] RCU sticti CUs fm R_CPS=2 tor_cp_ids.
[    00000 RCU: justg eomey or r_fnoutea=64,r_pu_is=
[   0.00000] N_IS:334 r_ir:40 16[   .00000Cosolecoour A+ 80x
    0.000] coso [tt] nabl
    0.000] csoe [tS0 enaed
[  0000000] tsc: Detected 2807.998 MHz processor
[   39.712957] Calibrating delay loop (skipped) preset value.. 5615.99 BogoMIPS (lpj=11231992)
[   39.896387] pid_max: default: 32768 minimum: 301
[   40.046556] ACPI: Core revision 20150930
[   40.161278] ACPI: 2 ACPI AML tables successfully acquired and loaded
[   40.319934] Security Framework initialized
[   40.455460] Yama: becoming mindful.
[   40.560889] AppArmor: AppArmor initialized
[   40.700429] Dentry cache hash table entries: 524288 (order: 10, 4194304 bytes)
[   40.846578] Inode-cache hash table entries: 262144 (order: 9, 2097152 bytes)
[   41.086281] Mount-cache hash table entries: 8192 (order: 4, 65536 bytes)
[   41.303691] Mountpoint-cache hash table entries: 8192 (order: 4, 65536 bytes)
[   41.542767] Initializing cgroup subsys io
[   41.679366] Initializing cgroup subsys memory
[   41.834740] Initializing cgroup subsys devices
[   41.925488] Initializing cgroup subsys freezer
[   42.081521] Initializing cgroup subsys net_cls
[   42.224217] Initializing cgroup subsys perf_event
[   42.380592] Initializing cgroup subsys net_prio
[   42.536874] Initializing cgroup subsys hugetlb
[   42.661736] Initializing cgroup subsys pids
[   Physical Processor ID: 0
[   43.065836] CPU: Processor Core ID: 0
[   43.118545] mce: CPU supports 0 MCE banks
[   43.141192] Last level iTLB entries: 4KB 64, 2MB 8, 4MB 8
[   43.173383] Last level dTLB entries: 4KB 64, 2MB 0, 4MB 0, 1GB 4
[   43.342546] Freeing SMP alternatives memory: 32K
[   43.487498] ftrace: allocating 32171 entries in 126 pages
[   43.730788] smpboot: APIC(0) Converting physical 0 to logical package 0
[   43.937876] smpboot: Max logical packages: 1
[   44.068925] x2apic enabled
[   44.145307] Switched APIC routing to physical x2apic.
[   44.251948] ..TIMER: vector=0x30 apic1=0 pin1=2 apic2=-1 pin2=-1
[   44.507407] smpboot: CPU0: Intel(R) Core(TM) i7-7700HQ CPU @ 2.80GHz (family: 0x6, model: 0x9e, stepping: 0x9)
[   44.830750] Performance Events: unsupported p6 CPU model 158 no PMU driver, software events only.
[   45.110215] KVM setup paravirtual spinlock
[   45.222483] x86: Booting SMP configuration:
[   45.329865] .... node  #0, CPUs:      #1
[   45.405576] kvm-clock: cpu 1, msr 1:1ffef041, secondary cpu clock
[   45.585021] mce: CPU supports 0 MCE banks
[   45.704770] x86: Booted up 1 node, 2 CPUs
[   45.820388] smpboot: Total of 2 processors activated (11231.99 BogoMIPS)
[   46.014401] devtmpfs: initialized
[   46.122203] evm: security.selinux
[   46.171913] evm: security.SMACK64
[   46.172784] evm: security.SMACK64EXEC
[   46.173684] evm: security.SMACK64TRANSMUTE
[   46.174666] evm: security.SMACK64MMAP
[   46.175529] evm: security.ima
[   46.176436] evm: security.capability
[   46.265804] clocksource: jiffies: mask: 0xffffffff max_cycles: 0xffffffff, max_idle_ns: 7645041785100000 ns
[   46.459958] futex hash table entries: 512 (order: 3, 32768 bytes)
[   46.474855] pinctrl core: initialized pinctrl subsystem
[   46.628890] RTC time:  6:23:38, date: 09/22/18
[   46.771371] NET: Registered protocol family 16
[   46.918557] cpuidle: using governor ladder
[   47.078908] cpuidle: using governor menu
[   47.217026] PCCT header not found.
[   47.331153] ACPI: bus type PCI registered
[   47.452178] acpiphp: ACPI Hot Plug PCI Controller Driver version: 0.5
[   47.551859] PCI: Using configuration type 1 for base access
[   47.579625] ACPI: Added _OSI(Module Device)
[   47.712420] ACPI: Added _OSI(Processor Device)
[   47.861195] ACPI: Added _OSI(3.0 _SCP Extensions)
[   48.015361] ACPI: Added _OSI(Processor Aggregator Device)
[   48.190421] ACPI: Executed 1 blocks of module-level executable AML code
[   48.390987] ACPI: Interpreter enabled
[   48.508250] ACPI: (supports S0 S5)
[   48.592232] ACPI: Using IOAPIC for interrupt routing
[   48.664595] PCI: Using host bridge windows from ACPI; if necessary, use "pci=nocrs" and report a bug
[   48.924242] ACPI: PCI Root Bridge [PCI0] (domain 0000 [bus 00-ff])
[   49.152416] acpi PNP0A03:00: _OSC: OS supports [ASPM ClockPM Segments MSI]
[   49.375708] acpi PNP0A03:00: _OSC: not requesting OS control; OS requires [ExtendedConfig ASPM ClockPM MSI]
[   49.672955] acpi PNP0A03:00: fail to add MMCONFIG information, can't access extended PCI configuration space under this bridge.
[   49.945800] PCI host bridge to bus 0000:00
[   50.067083] pci_bus 0000:00: root bus resource [io  0x0000-0x0cf7 window]
[   50.268982] pci_bus 0000:00: root bus resource [io  0x0d00-0xffff window]
[   50.463311] pci_bus 0000:00: root bus resource [mem 0x000a0000-0x000bffff window]
[   50.708170] pci_bus 0000:00: root bus resource [mem 0xe0000000-0xfdffffff window]
[   50.865759] pci_bus 0000:00: root bus resource [bus 00-ff]
[   50.951304] pci 0000:00:01.1: legacy IDE quirk: reg 0x10: [io  0x01f0-0x01f7]
[   51.187374] pci 0000:00:01.1: legacy IDE quirk: reg 0x14: [io  0x03f6]
[   51.377765] pci 0000:00:01.1: legacy IDE quirk: reg 0x18: [io  0x0170-0x0177]
[   51.616820] pci 0000:00:01.1: legacy IDE quirk: reg 0x1c: [io  0x0376]
[   51.867261] pci 0000:00:07.0: quirk: [io  0x4000-0x403f] claimed by PIIX4 ACPI
[   51.991806] pci 0000:00:07.0: quirk: [io  0x4100-0x410f] claimed by PIIX4 SMB
[   52.023428] ACPI: PCI Interrupt Link [LNKA] (IRQs 5 9 10 *11)
[   52.183035] ACPI: PCI Interrupt Link [LNKB] (IRQs 5 9 *10 11)
[   52.317712] ACPI: PCI Interrupt Link [LNKC] (IRQs 5 *9 10 11)
[   52.463145] ACPI: PCI Interrupt Link [LNKD] (IRQs 5 9 10 *11)
[   52.604603] ACPI: Enabled 2 GPEs in block 00 to 07
[   52.755062] vgaarb: setting as boot device: PCI:0000:00:02.0
[   52.953704] vgaarb: device added: PCI:0000:00:02.0,decodes=io+mem,owns=io+mem,locks=none
[   53.098723] vgaarb: loaded
[   53.105589] vgaarb: bridge control possible 0000:00:02.0
[   53.236306] SCSI subsystem initialized
[   53.346783] ACPI: bus type USB registered
[   53.480989] usbcore: registered new interface driver usbfs
[   53.615656] usbcore: registered new interface driver hub
[   53.769882] usbcore: registered new device driver usb
[   53.926473] PCI: Using ACPI for IRQ routing
[   54.037544] NetLabel: Initializing
[   54.123164] NetLabel:  domain hash size = 128
[   54.190013] NetLabel:  protocols = UNLABELED CIPSOv4
[   54.257973] NetLabel:  unlabeled traffic allowed by default
[   54.448553] amd_nb: Cannot enumerate AMD northbridges
[   54.618089] clocksource: Switched to clocksource kvm-clock
[   .881 ApArmor: pArm Fesstm naed
[ 55165]npPnAC it  5.74] pn PP ACP: un3 vis
[   56.424715] clocksource: acpi_pm: mask: 0xffffff max_cycles: 0xffffff, max_idle_ns: 2085701024 ns
[   56.783146] NET: Registered protocol family 2
[   56.949717] TCP established hash table entries: 32768 (order: 6, 262144 bytes)
[   57.217440] TCP bind hash table entries: 32768 (order: 7, 524288 bytes)
[   57.422764] TCP: Hash tables configured (established 32768 bind 32768)
[   57.466138] UDP hash table entries: 2048 (ordee: 4, 65536 bytes)
[   57.493119] UDP-Lite hash table entries: 2048 (order: 4, 65536 bytes)
[   57.499877] NET: Registered protocol family 1
[   57.502778] pci 0000:00:00.0: Limiting direct PCI/PCI transfers
[   57.662067] pci 0000:00:01.0: Activating ISA DMA hang workarounds
[   57.826273] Unpacking initramfs...
[   60.331016] Freeing initrd memory: 10792K
[   60.461226] PCI-DMA: Using software bounce buffering for IO (SWIOTLB)
[   60.705524] software IO TLB [mem 0xdbff0000-0xdfff0000] (64MB) mapped at [ffff8800dbff0000-ffff8800dffeffff]
[   600768337] platform rtc_cmos: registered platform RTC device (no PNP device found)
[   61.017121] Scanning for low memory corruption every 60 seconds
[   61.210790] audit: initializing netlink subsys (disabled)
[   61.392711] audit: type=2000 audit(1537597387.081:1): initialized
[   61.619113] Initialise system trusted keyring
[   61.775955] tsc: Refined TSC clocksource calibration: 2808.288 MHz
[   61.804810] clocksource: tsc: mask: 0xffffffffffffffff max_cycles: 0x287ad658e78, max_idle_ns: 440795305194 ns
[   61.805004] HugeTLB registered 2 MB page size, pre-allocated 0 pages
ÿ[   61.807826] zbud: loaded
[   61.808429] VFS: Disk quotas dquot_6.6.0
[   61.808477] VFS: Dquot-cache hash table entries: 512 (order 0, 4096 bytes)
[   61.809006] squashfs: version 4.0 (2009/01/31) Phillip Lougher
[   61.854068] fuse init (API version 7.23)
[   61.854308] Key type big_key registered
[   61.854336] Allocating IMA MOK and blacklist keyrings.
[   61.854651] Key type asymmetric registered
[   61.854661] Asymmetric key parser 'x509' registered
[   61.854741] Block layer SCSI generic (bsg) driver version 0.4 loaded (major 249)
[   61.854767] io scheduler noop registered
[   61.854769] io scheduler deadline registered (default)
[   61.854838] io scheduler cfq registered
[   61.855017] pci_hotplug: PCI Hot Plug PCI Core version: 0.5
[   61.855024] pciehp: PCI Express Hot Plug Controller Driver version: 0.4
[   61.855287] ACPI: AC Adapter [AC] (off-line)
[   61.855353] input: Power Button as /devices/LNXSYSTM:00/LNXPWRBN:00/input/input0
[   61.855356] ACPI: Power Button [PWRF]
[   61.855496] input: Sleep Button as /devices/LNXSYSTM:00/LNXSLPBN:00/input/input1
[   61.855498] ACPI: Sleep Button [SLPF]
[   61.855779] GHES: HEST is not enabled!
[   61.856924] ACPI: Battery Slot [BAT0] (battery present)
[   61.856968] Serial: 8250/16550 driver, 32 ports, IRQ sharing enabled
[   62.027310] 00:02: ttyS0 at  (irq = 4, base_baud = 115200) is a 16550A
[   62.137259] Linux agpgart interface v0.103
[   62.211737] loop: module loaded
[   62.212314] scsi host0: ata_piix
[   62.212363] scsi host1: ata_piix
[   62.212393] ata1: PATA max UDMA/33 cmd 0x1f0 ctl 0x3f6 bmdma 0xd000 irq 14
[   62.212393] ata2: PATA max UDMA/33 cmd 0x170 ctl 0x376 bmdma 0xd008 irq 15
[   62.212461] libphy: Fixed MDIO Bus: probed
[   62.212464] tun: Universal TUN/TAP device driver, 1.6
[   62.212464] tun: (C) 1999-2004 Max Krasnyansky <maxk@qualcomm.com>
[   62.212820] PPP generic driver version 2.4.2
[   62.212877] ehci_hcd: USB 2.0 'Enhanced' Host Controller (EHCI) Driver
[   62.212881] ehci-pci: EHCI PCI platform driver
[   62.212889] ehci-platform: EHCI generic platform driver
[   62.212897] ohci_hcd: USB 1.1 'Open' Host Controller (OHCI) Driver
[   62.212901] ohci-pci: OHCI PCI platform driver
[   62.212909] ohci-platform: OHCI generic platform driver
[   62.212915] uhci_hcd: USB Universal Host Controller Interface driver
[   62.212964] i8042: PNP: PS/2 Controller [PNP0303:PS2K,PNP0f03:PS2M] at 0x60,0x64 irq 1,12
[   62.213501] serio: i8042 KBD port at 0x60,0x64 irq 1
[   62.213505] serio: i8042 AUX port at 0x60,0x64 irq 12
[   62.213623] mousedev: PS/2 mouse device common for all mice
[   62.213954] input: AT Translated Set 2 keyboard as /devices/platform/i8042/serio0/input/input2
[   62.214334] rtc_cmos rtc_cmos: rtc core: registered rtc_cmos as rtc0
[   62.214406] rtc_cmos rtc_cmos: alarms up to one day, 114 bytes nvram
[   62.214412] i2c /dev entries driver
[   62.214458] device-mapper: uevent: version 1.0.3
[   62.214511] device-mapper: ioctl: 4.34.0-ioctl (2015-10-28) initialised: dm-devel@redhat.com
[   62.214527] ledtrig-cpu: registered to indicate activity on CPUs
[   62.214807] NET: Registered protocol family 10
[   62.218089] NET: Registered protocol family 17
[   62.218097] Key type dns_resolver registered
[   62.218221] microcode: CPU0 sig=0x906e9, pf=0x8, revision=0x0
[   62.360697] microcode: CPU1 sig=0x906e9, pf=0x8, revision=0x0
[   62.360782] microcode: Microcode Update Driver: v2.01 <tigran@aivazian.fsnet.co.uk>, Peter Oruba
[   62.360919] registered taskstats version 1
[   62.360935] Loading compiled-in X.509 certificates
[   62.361487] Loaded X.509 cert 'Build time autogenerated kernel key: 96e61bd247bb6c4e82ca419795a98fcb171b0e99'
[   62.361506] zswap: loaded using pool lzo/zbud
[   62.364313] Key type trusted registered
[   62.367442] Key type encrypted registered
[   62.367447] AppArmor: AppArmor sha1 policy hashing enabled
[   62.367450] ima: No TPM chip found, activating TPM-bypass!
[   62.367466] evm: HMAC attrs: 0x1
[   62.367768]   Magic number: 2:130:368
[   62.502960] rtc_cmos rtc_cmos: setting system clock to 2018-09-22 06:23:54 UTC (1537597434)
[   62.503095] BIOS EDD facility v0.16 2004-Jun-25, 0 devices found
[   62.503096] EDD information not available.
[   70.074400] Freeing unused kernel memory: 1508K
[   70.200848] Write protecting the kernel read-only data: 14336k
[   70.377552] Freeing unused kernel memory: 1744K
[   70.515434] Freeing unused kernel memory: 108K
Loading, please wait...
[   70.677916] random: systemd-udevd: uninitialized urandom read (16 bytes read, 7 bits of entropy available)
starting version[   70.678780] random: udevadm: uninitialized urandom read (16 bytes read, 7 bits of entropy available)
 229
[   70.678804] random: udevadm: uninitialized urandom read (16 bytes read, 7 bits of entropy available)
[   70.693964] random: udevadm: uninitialized urandom read (16 bytes read, 7 bits of entropy available)
[   70.694018] random: udevadm: uninitialized urandom read (16 bytes read, 7 bits of entropy available)
[   70.694379] random: udevadm: uninitialized urandom read (16 bytes read, 7 bits of entropy available)
[   70.694461] random: udevadm: uninitialized urandom read (16 bytes read, 7 bits of entropy  vailable)
[   70.694540] random: udevadm: uninitialized urandom read (16 bytes read, 7 bits of entropy available)
[   70.694624] random: udevadm: uninitialized urandom read (16 bytes read, 7 bits of entropy available)
[   70.694702] random: udevadm: uninitialized urandom read (16 bytes read, 7 bits of entropy available)
[   73.165947] e1000: Intel(R) PRO/1000 Network Driver - version 7.3.21-k8-NAPI
[   73.343989] e1000: Copyright (c) 1999-2006 Intel Corporation.
[   73.390851] Fusion MPT base driver 3.04.20
[   73.395550] Copyright (c) 1999-2008 LSI Corporation
[   73.412136] Fusion MPT SPI Host driver 3.04.20
[   73.438154] mptbase: ioc0: Initiating bringup
[   73.469372] AVX2 version of gcm_enc/dec engaged.
[   73.473081] AES CTR mode by8 optimization enabled
[   73.530818] ioc0: LSI53C1030 A0: Capabilities={[   73.629465] input: ImExPS/2 Generic Explorer Mouse as /devices/platform/i8042/serio1/input/input4

[   73.982212] Initiator}
[   74.237775] scsi host2: ioc0: LSI53C1030 A0, FwRev=00000000h, Ports=1, MaxQ=256, IRQ=20
[   74.635851] scsi 2:0:0:0: Direct-Access     VBOX     HARDDISK         1.0  PQ: 0 ANSI: 5
[   74.882800] scsi target2:0:0: Beginning Domain Validation
[   75.028496] e1000 0000:00:03.0 eth0: (PCI:33MHz:32-bit) 02:38:07:4c:82:85
[   75.028501] e1000 0000:00:03.0 eth0: Intel(R) PRO/1000 Network Connection
[   75.224392] e1000 0000:00:03.0 enp0s3: renamed from eth0
[   75.292615] scsi target2:0:0: Domain Validation skipping write tests
[   75.488369] scsi target2:0:0: Ending Domain Validation
[   75.661507] scsi target2:0:0: asynchronous
[   75.820694] scsi 2:0:1:0: Direct-Access     VBOX     HARDDISK         1.0  PQ: 0 ANSI: 5
[   76.119804] scsi target2:0:1: Beginning Domain Validation
[   76.293314] scsi target2:0:1: Domain Validation skipping write tests
[   76.341634] scsi target2:0:1: Ending Domain Validation
[   76.373943] scsi target2:0:1: asynchronous
[   76.395102] sd 2:0:0:0: [sda] 20971520 512-byte logical blocks: (10.7 GB/10.0 GiB)
[   76.395404] sd 2:0:0:0: Attached scsi generic sg0 type 0
[   76.621167] sd 2:0:1:0: Attached scsi generic sg1 type 0
[   76.810137] floppy0: no floppy controllers found
[   76.810220] work still pending
[   77.217813] sd 2:0:1:0: [sdb] 20480 512-byte logical blocks: (10.5 MB/10.0 MiB)
[   77.218343] sd 2:0:0:0: [sda] Write Protect is off
[   77.218676] sd 2:0:0:0: [sda] Incomplete mode parameter data
[   77.218677] sd 2:0:0:0: [sda] Assuming drive cache: write through
[   77.443481]  sda: sda1
[   77.445237] sd 2:0:0:0: [sda] Attached SCSI disk
[   77.775017] sd 2:0:1:0: [sdb] Write Protect is off
[   77.939759] sd 2:0:1:0: [sdb] Incomplete mode parameter data
[   78.130669] sd 2:0:1:0: [sdb] Assuming drive cache: write through
[   78.337531] sd 2:0:1:0: [sdb] Attached SCSI disk
Begin: Loading e[   80.111368] md: linear personality registered for level -1
ssential drivers[   80.272541] md: multipath personality registered for level -4
 ... [   80.468117] md: raid0 personality registered for level 0
[   80.653676] md: raid1 personality registered for level 1
[   80.826200] raid6: sse2x1   gen()  7988 MB/s
[   80.978408] raid6: sse2x1   xor()  8218 MB/s
[   81.158154] raid6: sse2x2   gen() 11535 MB/s
[   81.318105] raid6: sse2x2   xor()  9344 MB/s
[   81.466413] raid6: sse2x4   gen() 13619 MB/s
[   81.602153] raid6: sse2x4   xor() 11020 MB/s
[   81.774318] raid6: avx2x1   gen() 18957 MB/s
[   81.890173] raid6: avx2x2   gen() 13403 MB/s
[   81.958345] raid6: avx2x4   gen() 22423 MB/s
[   82.112511] raid6: using algorithm avx2x4 gen() 22423 MB/s
[   82.270666] raid6: using avx2x2 recovery algorithm
[   82.393207] xor: automatically using best checksumming function:
[   82.622451]    avx       : 18422.000 MB/sec
[   82.761471] async_tx: api initialized (async)
[   82.920194] md: raid6 personality registered for level 6
[   82.987265] md: raid5 personality registered for level 5
[   83.115943] md: raid4 personality registered for level 4
[   83.301494] md: raid10 personality registered for level 10
done.
Begin: Running /scripts/init-premount ... done.[   83.489398] Btrfs loaded

Begin: Mounting root file system ... Begin: Running /scripts/local-top ... done.
Begin: Running /scripts/local-premount ... Scanning for Btrfs[   83.695690] EXT4-fs (sda1): INFO: recovery required on readonly filesystem
 filesystems
do[   83.942826] EXT4-fs (sda1): write access will be enabled during recovery
ne.
Warning: fsck not present, so skipping root file system
[   84.292468] EXT4-fs (sda1): recovery complete
[   84.470275] random: nonblocking pool is initialized
[   84.648428] EXT4-fs (sda1): mounted filesystem with ordered data mode. Opts: (null)
done.
Begin: Running /scripts/local-bottom ... done.
Begin: Running /scripts/init-bottom ... done.
[   85.762795] systemd[1]: systemd 229 running in system mode. (+PAM +AUDIT +SELINUX +IMA +APPARMOR +SMACK +SYSVINIT +UTMP +LIBCRYPTSETUP +GCRYPT +GNUTLS +ACL +XZ -LZ4 +SECCOMP +BLKID +ELFUTILS +KMOD -IDN)
[   86.240051] systemd[1]: Detected virtualization oracle.
[   86.286260] systemd[1]: Detected architecture x86-64.

Welcome to [1mUbuntu 16.04.3 LTS[0m!

[   86.480536] systemd[1]: Set hostname to <ubuntu-xenial>.
[   87.410896] systemd[1]: Set up automount Arbitrary Executable File Formats File System Automount Point.
[[0;32m  OK  [0m] Set up automount Arbitrary Executab...ats File System Automount Point.
[   87.843350] systemd[1]: Reached target User and Group Name Lookups.
[[0;32m  OK  [0m] Reached target User and Group Name Lookups.
[   88.030050] systemd[1]: Reached target Encrypted Volumes.
[[0;32m  OK  [0m] Reached target Encrypted Volumes.
[   88.246694] systemd[1]: Listening on udev Kernel Socket.
[[0;32m  OK  [0m] Listening on udev Kernel Socket.
[   88.490788] systemd[1]: Listening on LVM2 metadata daemon socket.
[[0;32m  OK  [0m] Listening on LVM2 metadata daemon socket.
[   88.564092] systemd[1]: Created slice System Slice.
[[0;32m  OK  [0m] Created slice System Slice.
[   88.650378] systemd[1]: Listening on Syslog Socket.
[[0;32m  OK  [0m] Listening on Syslog Socket.
[   88.712428] systemd[1]: Started Forward Password Requests to Wall Directory Watch.
[[0;32m  OK  [0m] Started Forward Password Requests to Wall Directory Watch.
[   89.003444] systemd[1]: Started Trigger resolvconf update for networkd DNS.
[[0;32m  OK  [0m] Started Trigger resolvconf update for networkd DNS.
[   89.355618] systemd[1]: Listening on Journal Audit Socket.
[[0;32m  OK  [0m] Listening on Journal Audit Socket.
[   89.595180] systemd[1]: Listening on Journal Socket (/dev/log).
[[0;32m  OK  [0m] Listening on Journal Socket (/dev/log).
[   89.666818] systemd[1]: Listening on udev Control Socket.
[[0;32m  OK  [0m] Listening on udev Control Socket.
[   89.902609] systemd[1]: Listening on /dev/initctl Compatibility Named Pipe.
[[0;32m  OK  [0m] Listening on /dev/initctl Compatibility Named Pipe.
[   90.187689] systemd[1]: Created slice system-serial\x2dgetty.slice.
[[0;32m  OK  [0m] Created slice system-serial\x2dgetty.slice.
[   90.444080] systemd[1]: Listening on Device-mapper event daemon FIFOs.
[[0;32m  OK  [0m] Listening on Device-mapper event daemon FIFOs.
[   90.707895] systemd[1]: Created slice User and Session Slice.
[[0;32m  OK  [0m] Created slice User and Session Slice.
[   90.946636] systemd[1]: Listening on LVM2 poll daemon socket.
[[0;32m  OK  [0m] Listening on LVM2 poll daemon socket.
[   91.215354] systemd[1]: Listening on Journal Socket.
[[0;32m  OK  [0m] Listening on Journal Socket.
[   91.447098] systemd[1]: Mounting Debug File System...
         Mounting Debug File System...
[   91.678741] systemd[1]: Starting Create list of required static device nodes for the current kernel...
         Starting Create list of required st... nodes for the current kernel...
[   91.806317] systemd[1]: Starting Journal Service...
         Starting Journal Service...
[   91.922302] systemd[1]: Starting Uncomplicated firewall...
         Starting Uncomplicated firewall...
[   92.175088] systemd[1]: Mounting POSIX Message Queue File System...
         Mounting POSIX Message Queue File System...
[   92.458755] systemd[1]: Mounting Huge Pages File System...
         Mounting Huge Pages File System...
[   92.710454] systemd[1]: Starting Set console keymap...
         Starting Set console keymap...
[   92.919163] systemd[1]: Starting Remount Root and Kernel File Systems...
[   92.984782] EXT4-fs (sda1): re-mounted. Opts: (null)
         Starting Remount Root and Kernel File Systems...
[   93.330911] systemd[1]: Starting Monitoring of LVM2 mirrors, snapshots etc. using dmeventd or progress polling...
         Starting Monitoring of LVM2 mirrors... dmeventd or progress polling...
[   93.751310] systemd[1]: Starting Load Kernel Modules...
[   93.888388] Loading iSCSI transport class v2.0-870.
         Starting Load Kernel Mo[   95.150563] iscsi: registered transport (tcp)
dules...
[   95.295122] systemd[1]: Reached target Swap.
[[0;32m  OK  [0m] Reached target Swap.
[   95.413610] iscsi: registered transport (iser)
[   96.526035] systemd[1]: Reached target Slices.
[[0;32m  OK  [0m] Reached target Slices.
[   96.736867] systemd[1]: Starting Nameserver information manager...
         Starting Nameserver information manager...
[   97.036763] systemd[1]: Mounted POSIX Message Queue File System.
[[0;32m  OK  [0m] Mounted POSIX Message Queue File System.
[   97.286440] systed[: uned He Pas leSystm.
[[0;32m  OK  [0m] Mounted Huge Pages File System.
[ 97798]ysemd[1]: Moted ebg Fie st. [[0;32m  OK  [0m] Mounted Debug File System.
[   98431406syem[]: Sard url rve.
[[0;32m  OK  [0m] Started Journal Service.
[[0;32m  OK  [0m] Started Create list of required sta...ce nodes for the current kernel.
[[0;32m  OK  [0m] Started Uncomplicated firewall.
[[0;32m  OK  [0m] Started Set console keymap.
[[0;32m  OK  [0m] Started Remount Root and Kernel File Systems.
[[0;32m  OK  [0m] Started Load Kernel Modules.
[[0;32m  OK  [0m] Started Nameserver information manager.
[[0;32m  OK  [0m] Started LVM2 metadata daemon.
         Starting Apply Kernel Variables...
         Mounting FUSE Control File System...
         Starting udev Coldplug all Devices...
         Starting Load/Save Random Seed...
         Starting Initial cloud-init job (pre-networking)...
         Starting Create Static Device Nodes in /dev...
         Starting Flush Journal to Persistent Storage...
[[0;32m  OK  [0m] Mounted FUSE Control File System.
[[0;32m  OK  [0m] Started Monitoring of LVM2 mirrors,...ng dmeventd or progress polling.
[[0;32m  OK  [0m] Started Apply Kernel Variables.
[[0;32m  OK  [0m] Started Load/Save Random Seed.
[[0;32m  OK  [0m] Started Create Static Device Nodes in /dev.
[[0;32m  OK  [0m] Started udev Coldplug all Devices.
[[0;32m  OK  [0m] Started Flush Journal to Persistent Storage.
         Starting udev Kernel Device Manager...
[[0;32m  OK  [0m] Started udev Kernel Device Manager.
[[0;32m  OK  [0m] Reached target Local File Systems (Pre).
[[0;32m  OK  [0m] Reached target Local File Systems.
         Starting Create Volatile Files and Directories...
         Starting LSB: AppArmor initialization...
         Starting Tell Plymouth To Write Out Runtime Data...
         Starting Set console font and keymap...
[[0;32m  OK  [0m] Started Dispatch Password Requests to Console Directory Watch.
[[0;32m  OK  [0m] Started Create Volatile Files and Directories.
[[0;32m  OK  [0m] Started Tell Plymouth To Write Out Runtime Data.
[[0;32m  OK  [0m] Found device /dev/ttyS0.
         Starting Update UTMP about System Boot/Shutdown...
[[0;32m  OK  [0m] Reached target System Time Synchronized.
[[0;32m  OK  [0m] Started Update UTMP about System Boot/Shutdown.
[[0;32m  OK  [0m] Started LSB: AppArmor initialization.
[[0;32m  OK  [0m] Listening on Load/Save RF Kill Switch Status /dev/rfkill Watch.
[[0;32m  OK  [0m] Started Set console font and keymap.
[[0;32m  OK  [0m] Created slice system-getty.slice.
[   50.363226] cloud-init[460]: Cloud-init v. 17.1 running 'init-local' at Sat, 22 Sep 2018 06:24:35 +0000. Up 49.57 seconds.
[[0;32m  OK  [0m] Started Initial cloud-init job (pre-networking).
[[0;32m  OK  [0m] Reached target Network (Pre).
[[0;32m  OK  [0m] Started ifup for enp0s3.
         Starting Raise network interfaces...
[[0;32m  OK  [0m] Started Raise network interfaces.
         Starting Initial cloud-init job (metadata service crawler)...
[[0;32m  OK  [0m] Reached target Network.
[   52.165523] cloud-init[973]: Cloud-init v. 17.1 running 'init' at Sat, 22 Sep 2018 06:24:37 +0000. Up 51.34 seconds.
[   52.302033] [cloud-init[0;32m  OK  [0m[973]: ] ci-info: +++++++++++++++++++++++++++++++++++++Net device info+++++++++++++++++++++++++++++++++++++Started Initial cloud-init job (metadata service crawler).

[   52.303660] cloud-init[973]: ci-info: +--------+------+---------------------------+---------------+-------+-------------------+
[   52.604901] [cloud-init[0;32m  OK  [0m[973]: ] ci-info: | Device |  Up  |          Address          |      Mask     | Scope |     Hw-Address    |Reached target Cloud-config availability.

[   52.605580] [cloud-init[0;32m  OK  [0m[973]: ] ci-info: +--------+------+---------------------------+---------------+-------+-------------------+Reached target Network is Online.

[   52.739191] cloud-init[973]: ci-info: | enp0s3 | True |         10.0.2.15         | 255.255.255.0 |   .   | 02:38:07:4c:82:85 |
[   53.061282]          cloud-initStarting iSCSI initiator daemon (iscsid)...[973]: 
ci-info: | enp0s3 | True | fe80::38:7ff:fe4c:8285/64 |       .       |  link | 02:38:07:4c:82:85 |
[   53.237741] [cloud-init[0;32m  OK  [0m[973]: ] ci-info: |   lo   | True |         127.0.0.1         |   255.0.0.0   |   .   |         .         |Reached target System Initialization.

[[0;32m  OK  [0m] Started Daily Cleanup of Temporary Directories.
[   53.239388] cloud-init[973]: ci-info: |   lo   | True |          ::1/128          |       .       |  host |         .         |
[   53.612848] [cloud-init[0;32m  OK  [0m[973]: ] ci-info: +--------+------+---------------------------+---------------+-------+-------------------+Started Daily apt download activities.

[   53.789992] [cloud-init[0;32m  OK  [0m[973]: ] ci-info: +++++++++++++++++++++++++++Route IPv4 info++++++++++++++++++++++++++++Started Daily apt upgrade and clean activities.

[   53.791375]          cloud-initStarting Socket activation for snappy daemon.[973]: 
ci-info: +-------+-------------+----------+---------------+-----------+-------+
[   54.101117] [cloud-init[0;32m  OK  [0m[973]: ] ci-info: | Route | Destination | Gateway  |    Genmask    | Interface | Flags |Listening on UUID daemon activation socket.

[[0;32m  OK  [0m] Listening on ACPID Listen Socket.
[[0;32m  OK  [0m] Listening on D-Bus System Message Bus Socket.
[   54.102599] cloud-init[973]: ci-info: +-------+-------------+----------+---------------+-----------+-------+
[   54.565517] [cloud-init[0;32m  OK  [0m[973]: ] ci-info: |   0   |   0.0.0.0   | 10.0.2.2 |    0.0.0.0    |   enp0s3  |   UG  |Started Timer to automatically refresh installed snaps.

[[0;32m  OK  [0m] Reached target Timers.
[   54.566899] cloud-init[973]: ci-info: |   1   |   10.0.2.0  | 0.0.0.0  | 255.255.255.0 |   enp0s3  |   U   |
[   54.877267] [cloud-init[0;32m  OK  [0m[973]: ] ci-info: +-------+-------------+----------+---------------+-----------+-------+Started ACPI Events Check.

[[0;32m  OK  [0m] Reached target Paths.
         Starting LXD - unix socket.
[[0;32m  OK  [0m] Listening on Socket activation for snappy daemon.
[[0;32m  OK  [0m] Listening on LXD - unix socket.
[[0;32m  OK  [0m] Started iSCSI initiator daemon (iscsid).
         Starting Login to default iSCSI targets...
[[0;32m  OK  [0m] Reached target Sockets.
[[0;32m  OK  [0m] Reached target Basic System.
         Starting OpenBSD Secure Shell server...
[[0;32m  OK  [0m] Started ACPI event daemon.
         Starting Apply the settings specified in cloud-config...
[[0;32m  OK  [0m] Started FUSE filesystem for LXC.
         Starting System Logging Service...
         Starting LSB: MD monitoring daemon...
[[0;32m  OK  [0m] Started D-Bus System Message Bus.
         Starting Snappy daemon...
         Starting /etc/rc.local Compatibility...
         Starting Accounts Service...
[[0;32m  OK  [0m] Started Deferred execution scheduler.
         Starting LSB: Record successful boot for GRUB...
[[0;32m  OK  [0m] Started Regular background program processing daemon.
[[0;32m  OK  [0m] Started Unattended Upgrades Shutdown.
[   56.407828] cloud-init[1037]: Cloud-init v. 17.1 running 'modules:config' at Sat, 22 Sep 2018 06:24:41 +0000. Up 56.07 seconds.
         Starting LXD - container startup/shutdown...
         Starting Login Service...
[[0;32m  OK  [0m] Started OpenBSD Secure Shell server.
[[0;32m  OK  [0m] Started System Logging Service.
[[0;32m  OK  [0m] Started Apply the settings specified in cloud-config.
[[0;32m  OK  [0m] Started /etc/rc.local Compatibility.
[[0;32m  OK  [0m] Started Login to default iSCSI targets.
[[0;32m  OK  [0m] Started LSB: MD monitoring daemon.
[[0;32m  OK  [0m] Started Snappy daemon.
[[0;32m  OK  [0m] Started LSB: Record successful boot for GRUB.
         Starting Authenticate and Authorize Users to Run Privileged Tasks...
[[0;32m  OK  [0m] Reached target Remote File Systems (Pre).
[[0;32m  OK  [0m] Reached target Remote File Systems.
         Starting LSB: VirtualBox Linux Additions...
         Starting LSB: automatic crash report generation...
         Starting LSB: Set the CPU Frequency Scaling governor to "ondemand"...
         Starting Permit User Sessions...
         Starting LSB: daemon to balance interrupts for SMP systems...
[[0;32m  OK  [0m] Started LXD - container startup/shutdown.
[[0;32m  OK  [0m] Started Permit User Sessions.
[[0;32m  OK  [0m] Started Login Service.
[[0;32m  OK  [0m] Started Authenticate and Authorize Users to Run Privileged Tasks.
[[0;32m  OK  [0m] Started Accounts Service.
[[0;32m  OK  [0m] Started LSB: Set the CPU Frequency Scaling governor to "ondemand".
[[0;32m  OK  [0m] Started LSB: automatic crash report generation.
         Starting Terminate Plymouth Boot Screen...
         Starting Hold until boot process finishes up...
[[0;32m  OK  [0m] Started LSB: VirtualBox Linux Additions.
[[0;32m  OK  [0m] Started LSB: daemon to balance interrupts for SMP systems.
[[0;32m  OK  [0m] Started Terminate Plymouth Boot Screen.
[[0;32m  OK  [0m] Started Hold until boot process finishes up.
         Starting Set console scheme...
[[0;32m  OK  [0m] Started Serial Getty on ttyS0.
[[0;32m  OK  [0m] Started Getty on tty1.
[[0;32m  OK  [0m] Reached target Login Prompts.
[[0;32m  OK  [0m] Reached target Multi-User System.
         Starting Execute cloud user/final scripts...
[[0;32m  OK  [0m] Reached target Graphical Interface.
         Starting Update UTMP about System Runlevel Changes...
[[0;32m  OK  [0m] Started Set console scheme.
[[0;32m  OK  [0m] Started Update UTMP about System Runlevel Changes.
[   59.738419] cloud-init[1206]: Cloud-init v. 17.1 running 'modules:final' at Sat, 22 Sep 2018 06:24:45 +0000. Up 59.47 seconds.
[   59.865512] cloud-init[1206]: Cloud-init v. 17.1 finished at Sat, 22 Sep 2018 06:24:45 +0000. Datasource DataSourceNoCloud [seed=/dev/sdb][dsmode=net].  Up 59.72 seconds
[[0;32m  OK  [0m] Started Execute cloud user/final scripts.
[[0;32m  OK  [0m] Reached target Cloud-init target.

Ubuntu 16.04.3 LTS ubuntu-xenial ttyS0

ubuntu-xenial login: 